<StyledLayerDescriptor version="1.1.0" xsi:schemaLocation="http://www.opengis.net/sld http://ogc.dmsolutions.ca/sld/1.1.0/StyledLayerDescriptor.xsd" xmlns="http://www.opengis.net/sld" xmlns:ogc="http://www.opengis.net/ogc" xmlns:se="http://www.opengis.net/se" xmlns:xlink="http://www.w3.org/1999/xlink" xmlns:xsi="http://www.w3.org/2001/XMLSchema-instance">
<NamedLayer>
<se:Name>lline</se:Name>
<UserStyle>
<se:FeatureTypeStyle>
<se:Rule>
<se:LineSymbolizer>
<se:Stroke>
<se:SvgParameter name="stroke">#ffff00</se:SvgParameter>
<se:SvgParameter name="stroke-opacity">0.50</se:SvgParameter>
<se:SvgParameter name="stroke-width">5.00</se:SvgParameter>
</se:Stroke>
</se:LineSymbolizer>
</se:Rule>
</se:FeatureTypeStyle>
</UserStyle>
</NamedLayer>
<NamedLayer>
<se:Name>lpolygon</se:Name>
<UserStyle>
<se:FeatureTypeStyle>
<se:Rule>
<se:PolygonSymbolizer>
<se:Fill>
<se:SvgParameter name="fill">#00ffff</se:SvgParameter>
<se:SvgParameter name="fill-opacity">0.50</se:SvgParameter>
</se:Fill>
<se:Stroke>
<se:SvgParameter name="stroke">#ff00ff</se:SvgParameter>
<se:SvgParameter name="stroke-width">1.00</se:SvgParameter>
</se:Stroke>
</se:PolygonSymbolizer>
</se:Rule>
</se:FeatureTypeStyle>
</UserStyle>
</NamedLayer>
<NamedLayer>
<se:Name>lpoint</se:Name>
<UserStyle>
<se:FeatureTypeStyle>
<se:Rule>
<se:PointSymbolizer>
<se:Graphic>
<se:Mark>
<se:WellKnownName>star</se:WellKnownName>
<se:Fill>
<se:SvgParameter name="fill">#0000ff</se:SvgParameter>
</se:Fill>
<se:Stroke>
<se:SvgParameter name="stroke">#ff0000</se:SvgParameter>
<se:SvgParameter name="stroke-width">1</se:SvgParameter>
</se:Stroke>
</se:Mark>
<se:Size>20</se:Size>
</se:Graphic>
</se:PointSymbolizer>
</se:Rule>
</se:FeatureTypeStyle>
</UserStyle>
</NamedLayer>
</StyledLayerDescriptor>

